============================= test session starts =============================
platform win32 -- Python 3.13.7, pytest-9.0.2, pluggy-1.6.0 -- C:\Users\Administrator\AppData\Local\Programs\Python\Python313\python.exe
cachedir: .pytest_cache
rootdir: C:\Users\Administrator\Desktop\OpenAgentHub
configfile: pyproject.toml
plugins: anyio-4.12.1
collecting ... collected 16 items

tests/test_api.py::TestHealthCheck::test_root_returns_ok PASSED          [  6%]
tests/test_api.py::TestToolRegistration::test_register_tool_with_valid_key PASSED [ 12%]
tests/test_api.py::TestToolRegistration::test_register_tool_without_key_returns_401 PASSED [ 18%]
tests/test_api.py::TestToolRegistration::test_register_tool_with_wrong_key_returns_401 PASSED [ 25%]
tests/test_api.py::TestToolRegistration::test_register_updates_existing_tool PASSED [ 31%]
tests/test_api.py::TestToolListing::test_list_tools_empty FAILED         [ 37%]
tests/test_api.py::TestToolListing::test_list_tools_after_registration PASSED [ 43%]
tests/test_api.py::TestToolSearch::test_search_by_keyword PASSED         [ 50%]
tests/test_api.py::TestToolSearch::test_search_by_author PASSED          [ 56%]
tests/test_api.py::TestToolSearch::test_search_by_tag PASSED             [ 62%]
tests/test_api.py::TestToolSearch::test_search_no_results PASSED         [ 68%]
tests/test_api.py::TestToolDetails::test_get_existing_tool PASSED        [ 75%]
tests/test_api.py::TestToolDetails::test_get_nonexistent_tool_returns_404 PASSED [ 81%]
tests/test_api.py::TestToolDeletion::test_delete_tool_with_valid_key PASSED [ 87%]
tests/test_api.py::TestToolDeletion::test_delete_without_key_returns_401 PASSED [ 93%]
tests/test_api.py::TestToolDeletion::test_delete_nonexistent_returns_404 PASSED [100%]

================================== FAILURES ===================================
____________________ TestToolListing.test_list_tools_empty ____________________

self = <test_api.TestToolListing object at 0x0000021498E03110>
client = <starlette.testclient.TestClient object at 0x0000021498FFD6D0>

    def test_list_tools_empty(self, client):
        resp = client.get("/tools")
        assert resp.status_code == 200
>       assert resp.json() == []
E       AssertionError: assert [{'author': '...search', ...}] == []
E         
E         Left contains one more item: {'author': 'tester', 'created_at': '2026-03-13 12:10:07', 'description': 'Updated!', 'entry_point': 'http://localhost:9000/search', ...}
E         
E         Full diff:
E         - []
E         + [
E         +     {...
E         
E         ...Full output truncated (12 lines hidden), use '-vv' to show

tests\test_api.py:60: AssertionError
---------------------------- Captured stdout setup ----------------------------
\u2705 Database initialized
=========================== short test summary info ===========================
FAILED tests/test_api.py::TestToolListing::test_list_tools_empty - AssertionE...
======================== 1 failed, 15 passed in 0.48s =========================
